
> our-12306-backend@1.0.0 test
> jest test/services/authService.test.js --forceExit

  console.log
    Connected to SQLite database

      at Database.log (src/services/dbService.js:20:17)

  console.log
    娴嬭瘯鏁版嵁搴撳垵濮嬪寲瀹屾垚

      at Statement.log (test/init-test-db.js:314:17)

  console.log
    Database connection closed

      at Database.log (src/services/dbService.js:140:21)

node.exe : FAIL test/services/authService.test.js (5.113 s)
所在位置 行:1 字符: 1
+ & "E:\programs/node.exe" "E:\programs/node_modules/npm/bin/npm-cli.js ...
+ ~~~~~~~~~~~~~~~~~~~~~~~~~~~~~~~~~~~~~~~~~~~~~~~~~~~~~~~~~~~~~~~~~~~~~
    + CategoryInfo          : NotSpecified: (FAIL test/servi...st.js (5.113 s) 
   :String) [], RemoteException
    + FullyQualifiedErrorId : NativeCommandError
 
  AuthService
    validateCredentials
      鈭?搴旇楠岃瘉鏈夋晥鐨勭敤鎴峰悕鍜屽瘑鐮?(74 ms)
      鈭?搴旇鎷掔粷鏃犳晥鐨勫嚟鎹?(1 ms)
      脳 搴旇鏀寔閭楠岃瘉 (2 ms)
      鈭?搴旇鏀寔鎵嬫満鍙烽獙璇?(74 ms)
    generateSessionId
      鈭?搴旇鐢熸垚鏈夋晥鐨勪細璇滻D (1 ms)
      鈭?搴旇鐢熸垚鍞竴鐨勪細璇滻D
    validateIdCard
      鈼?skipped 搴旇楠岃瘉鏈夋晥鐨勮韩浠借瘉鍙?      鈼?skipped 搴旇鎷掔粷鏃犳晥鐨勮韩浠借瘉鍙?      鈼?skipp
ed 搴旇鎷掔粷绌鸿韩浠借瘉鍙?    generateSmsCode
      鈼?skipped 搴旇鐢熸垚6浣嶆暟瀛楅獙璇佺爜
      鈼?skipped 搴旇鐢熸垚涓嶅悓鐨勯獙璇佺爜
    verifySmsCode
      鈼?skipped 搴旇楠岃瘉姝ｇ‘鐨勭煭淇￠獙璇佺爜
      鈼?skipped 搴旇鎷掔粷閿欒鐨勯獙璇佺爜
      鈼?skipped 搴旇鎷掔粷杩囨湡鐨勯獙璇佺爜
    generateJwtToken
      鈼?skipped 搴旇鐢熸垚鏈夋晥鐨凧WT浠ょ墝
      鈼?skipped 搴旇涓轰笉鍚岀敤鎴风敓鎴愪笉鍚岀殑浠ょ墝
    identifyIdentifierType
      鈭?搴旇璇嗗埆鐢ㄦ埛鍚?      鈭?搴旇璇嗗埆閭
      鈭?搴旇璇嗗埆鎵嬫満鍙?(1 ms)
      鈭?搴旇澶勭悊鏃犳晥鏍煎紡

  鈼?AuthService 鈥?validateCredentials 鈥?搴旇鏀寔閭楠岃瘉

    expect(received).toHaveProperty(path, value)

    Expected path: "success"

    Expected value: true
    Received value: false

    [0m [90m 42 |[39m       [36mconst[39m result [33m=[39m [36mawait[3
9m authService[33m.[39mvalidateCredentials([32m'test@example.com'[39m[33m,
[39m [32m'password123'[39m)
     [90m 43 |[39m       
    [31m[1m>[22m[39m[90m 44 |[39m       expect(result)[33m.[39mtoHavePr
operty([32m'success'[39m[33m,[39m [36mtrue[39m)
     [90m    |[39m                      [31m[1m^[22m[39m
     [90m 45 |[39m       expect(result)[33m.[39mtoHaveProperty([32m'user'
[39m)
     [90m 46 |[39m     })
     [90m 47 |[39m[0m

      at Object.toHaveProperty (test/services/authService.test.js:44:22)

Test Suites: 1 failed, 1 total
Tests:       1 failed, 10 skipped, 9 passed, 20 total
Snapshots:   0 total
Time:        5.174 s
Ran all test suites matching /test\\services\\authService.test.js/i.
Force exiting Jest: Have you considered using `--detectOpenHandles` to detect a
sync operations that kept running after all tests finished?
